../Core/Src/stm32f4xx_it.c:70:6:NMI_Handler	4	static
../Core/Src/stm32f4xx_it.c:85:6:HardFault_Handler	4	static
../Core/Src/stm32f4xx_it.c:100:6:MemManage_Handler	4	static
../Core/Src/stm32f4xx_it.c:115:6:BusFault_Handler	4	static
../Core/Src/stm32f4xx_it.c:130:6:UsageFault_Handler	4	static
../Core/Src/stm32f4xx_it.c:145:6:SVC_Handler	4	static,ignoring_inline_asm
../Core/Src/stm32f4xx_it.c:157:6:SVC_Handler_Main	32	static,ignoring_inline_asm
../Core/Src/stm32f4xx_it.c:197:6:DebugMon_Handler	4	static
../Core/Src/stm32f4xx_it.c:223:6:SysTick_Handler	8	static
